node : Debugger listening 
on ws://127.0.0.1:49731/fa
cbec45-fcd6-489c-82ea-85d9
b133fefc
At line:1 char:1
+ node test_api.js > 
test_output.txt 2>&1
+ ~~~~~~~~~~~~~~~~~~~~~~~~
~~~~~~~~~~~~~~~
    + CategoryInfo        
      : NotSpeci    fied: 
(Debugger l    
isten...ea-85d9b1    
33fefc:String) []    , 
RemoteException
    + FullyQualifiedE    
rrorId : NativeCo    
mmandError
 
For help, see: https://nod
ejs.org/en/docs/inspector
Debugger attached.
--- Registering User ---
Register Status: 200
Register Response: {
  token: 'eyJhbGciOiJIUzI1NiJ9.dGVzdDE3NzMwMDMxMDE2MDJAdGVzdC5jb20.qmtx3dCcyHhJHQLBcZ0XhLIAFB4Bl_rpHvJT3APN5Hc'
}

--- Fetching User Details ---
Get User Status: 200
Get User Raw Response: 
API Test Error: 
SyntaxError: Unexpected 
end of JSON input
    at JSON.parse 
(<anonymous>)
    at testApi (C:\Web des
ign\INoteBook\inotebook\te
st_api.js:40:52)
    at process.processTick
sAndRejections (node:inter
nal/process/task_queues:10
5:5)
Waiting for the debugger 
to disconnect...
